******************************************************************************
            TI ARM Clang Linker PC v4.0.4                      
******************************************************************************
>> Linked Tue Mar 31 19:50:18 2026

OUTPUT FILE NAME:   <Robomaster.out>
ENTRY POINT SYMBOL: "_c_int00_noargs"  address: 00000771


MEMORY CONFIGURATION

         name            origin    length      used     unused   attr    fill
----------------------  --------  ---------  --------  --------  ----  --------
  FLASH                 00000000   00020000  000008b8  0001f748  R  X
  SRAM                  20200000   00008000  000002c4  00007d3c  RW X
  BCR_CONFIG            41c00000   000000ff  00000000  000000ff  R   
  BSL_CONFIG            41c00100   00000080  00000000  00000080  R   


SEGMENT ALLOCATION MAP

run origin  load origin   length   init length attrs members
----------  ----------- ---------- ----------- ----- -------
00000000    00000000    000008b8   000008b8    r-x
  00000000    00000000    000000c0   000000c0    r-- .intvecs
  000000c0    000000c0    000007a8   000007a8    r-x .text
  00000868    00000868    00000020   00000020    r-- .rodata
  00000888    00000888    00000030   00000030    r-- .cinit
20200000    20200000    000000c4   00000000    rw-
  20200000    20200000    000000bc   00000000    rw- .bss
  202000bc    202000bc    00000008   00000000    rw- .data
20207e00    20207e00    00000200   00000000    rw-
  20207e00    20207e00    00000200   00000000    rw- .stack


SECTION ALLOCATION MAP

 output                                  attributes/
section   page    origin      length       input sections
--------  ----  ----------  ----------   ----------------
.intvecs   0    00000000    000000c0     
                  00000000    000000c0     startup_mspm0g350x_ticlang.o (.intvecs)

.text      0    000000c0    000007a8     
                  000000c0    0000013c     ti_msp_dl_config.o (.text.SYSCFG_DL_PWM_0_init)
                  000001fc    00000104     driverlib.a : dl_timer.o (.text.DL_Timer_initFourCCPWMMode)
                  00000300    0000009a     libc.a : memcpy16.S.obj (.text:memcpy)
                  0000039a    00000002     startup_mspm0g350x_ticlang.o (.text.Default_Handler)
                  0000039c    00000088     empty.o (.text.main)
                  00000424    0000007c     libc.a : copy_decompress_lzss.c.obj (.text:decompress:lzss)
                  000004a0    00000070     ti_msp_dl_config.o (.text.SYSCFG_DL_ADC12_0_init)
                  00000510    00000068     ti_msp_dl_config.o (.text.SYSCFG_DL_GPIO_init)
                  00000578    0000005c     ti_msp_dl_config.o (.text.SYSCFG_DL_ADC12_1_init)
                  000005d4    00000048     ti_msp_dl_config.o (.text.SYSCFG_DL_initPower)
                  0000061c    00000044     empty.o (.text.ADC1_IRQHandler)
                  00000660    00000040     driverlib.a : dl_adc12.o (.text.DL_ADC12_setClockConfig)
                  000006a0    00000040     ti_msp_dl_config.o (.text.SYSCFG_DL_SYSCTL_init)
                  000006e0    0000003c     libc.a : autoinit.c.obj (.text:__TI_auto_init_nobinit_nopinit)
                  0000071c    0000002c     driverlib.a : dl_timer.o (.text.DL_Timer_setFaultSourceConfig)
                  00000748    00000028     ti_msp_dl_config.o (.text.SYSCFG_DL_init)
                  00000770    00000028     libc.a : boot_cortex_m.c.obj (.text:_c_int00_noargs)
                  00000798    00000020     empty.o (.text.TIMA0_IRQHandler)
                  000007b8    0000001c     driverlib.a : dl_timer.o (.text.DL_Timer_setCaptCompUpdateMethod)
                  000007d4    0000001c                 : dl_timer.o (.text.DL_Timer_setClockConfig)
                  000007f0    00000018                 : dl_timer.o (.text.DL_Timer_setCaptureCompareOutCtl)
                  00000808    00000016     libc.a : copy_zero_init.c.obj (.text:decompress:ZI:__TI_zero_init_nomemset)
                  0000081e    00000012            : copy_decompress_none.c.obj (.text:decompress:none)
                  00000830    00000010     driverlib.a : dl_timer.o (.text.DL_Timer_setCaptureCompareValue)
                  00000840    0000000a                 : dl_common.o (.text.DL_Common_delayCycles)
                  0000084a    00000002     --HOLE-- [fill = 0]
                  0000084c    00000008     libclang_rt.builtins.a : aeabi_memcpy.S.obj (.text.__aeabi_memcpy)
                  00000854    00000006     libc.a : exit.c.obj (.text:abort)
                  0000085a    00000004     libsysbm.a : hostexit.c.obj (.text.HOSTexit)
                  0000085e    00000004     startup_mspm0g350x_ticlang.o (.text.Reset_Handler)
                  00000862    00000004     libc.a : pre_init.c.obj (.text._system_pre_init)
                  00000866    00000002     --HOLE-- [fill = 0]

.cinit     0    00000888    00000030     
                  00000888    0000000c     (__TI_handler_table)
                  00000894    00000008     (.cinit..bss.load) [load image, compression = zero_init]
                  0000089c    00000007     (.cinit..data.load) [load image, compression = lzss]
                  000008a3    00000001     --HOLE-- [fill = 0]
                  000008a4    00000010     (__TI_cinit_table)
                  000008b4    00000004     --HOLE-- [fill = 0]

.rodata    0    00000868    00000020     
                  00000868    00000008     ti_msp_dl_config.o (.rodata.gADC12_0ClockConfig)
                  00000870    00000008     ti_msp_dl_config.o (.rodata.gADC12_1ClockConfig)
                  00000878    00000008     ti_msp_dl_config.o (.rodata.gPWM_0Config)
                  00000880    00000003     ti_msp_dl_config.o (.rodata.gPWM_0ClockConfig)
                  00000883    00000005     --HOLE-- [fill = 0]

.init_array 
*          0    00000000    00000000     UNINITIALIZED

.binit     0    00000000    00000000     

.bss       0    20200000    000000bc     UNINITIALIZED
                  20200000    000000bc     (.common:gPWM_0Backup)

.data      0    202000bc    00000008     UNINITIALIZED
                  202000bc    00000002     empty.o (.data.current1)
                  202000be    00000002     empty.o (.data.current2)
                  202000c0    00000002     empty.o (.data.voltage1)
                  202000c2    00000002     empty.o (.data.voltage2)

.stack     0    20207e00    00000200     UNINITIALIZED
                  20207e00    00000004     libc.a : boot_cortex_m.c.obj (.stack)
                  20207e04    000001fc     --HOLE--

__llvm_prf_cnts 
*          0    20200000    00000000     UNINITIALIZED

__llvm_prf_bits 
*          0    20200000    00000000     UNINITIALIZED

MODULE SUMMARY

       Module                         code   ro data   rw data
       ------                         ----   -------   -------
    .\
       ti_msp_dl_config.o             800    27        188    
       empty.o                        236    0         8      
       startup_mspm0g350x_ticlang.o   6      192       0      
    +--+------------------------------+------+---------+---------+
       Total:                         1042   219       196    
                                                              
    C:/ti/mspm0_sdk_2_10_00_04/source/ti/driverlib/lib/ticlang/m0p/mspm0g1x0x_g3x0x/driverlib.a
       dl_timer.o                     400    0         0      
       dl_adc12.o                     64     0         0      
       dl_common.o                    10     0         0      
    +--+------------------------------+------+---------+---------+
       Total:                         474    0         0      
                                                              
    C:\ti\ccs2041\ccs\tools\compiler\ti-cgt-armllvm_4.0.4.LTS\lib\armv6m-ti-none-eabi/c/libc.a
       memcpy16.S.obj                 154    0         0      
       copy_decompress_lzss.c.obj     124    0         0      
       autoinit.c.obj                 60     0         0      
       boot_cortex_m.c.obj            40     0         0      
       copy_zero_init.c.obj           22     0         0      
       copy_decompress_none.c.obj     18     0         0      
       exit.c.obj                     6      0         0      
       pre_init.c.obj                 4      0         0      
    +--+------------------------------+------+---------+---------+
       Total:                         428    0         0      
                                                              
    C:\ti\ccs2041\ccs\tools\compiler\ti-cgt-armllvm_4.0.4.LTS\lib\armv6m-ti-none-eabi/c/libsysbm.a
       hostexit.c.obj                 4      0         0      
    +--+------------------------------+------+---------+---------+
       Total:                         4      0         0      
                                                              
    C:\ti\ccs2041\ccs\tools\compiler\ti-cgt-armllvm_4.0.4.LTS\lib\armv6m-ti-none-eabi/libclang_rt.builtins.a
       aeabi_memcpy.S.obj             8      0         0      
    +--+------------------------------+------+---------+---------+
       Total:                         8      0         0      
                                                              
       Stack:                         0      0         512    
       Linker Generated:              0      43        0      
    +--+------------------------------+------+---------+---------+
       Grand Total:                   1956   262       708    


LINKER GENERATED COPY TABLES

__TI_cinit_table @ 000008a4 records: 2, size/record: 8, table size: 16
	.bss: load addr=00000894, load size=00000008 bytes, run addr=20200000, run size=000000bc bytes, compression=zero_init
	.data: load addr=0000089c, load size=00000007 bytes, run addr=202000bc, run size=00000008 bytes, compression=lzss


LINKER GENERATED HANDLER TABLE

__TI_handler_table @ 00000888 records: 3, size/record: 4, table size: 12
	index: 0, handler: __TI_decompress_lzss
	index: 1, handler: __TI_decompress_none
	index: 2, handler: __TI_zero_init


GLOBAL SYMBOLS: SORTED ALPHABETICALLY BY Name 

address   name                            
-------   ----                            
0000039b  ADC0_IRQHandler                 
0000061d  ADC1_IRQHandler                 
0000039b  AES_IRQHandler                  
0000085a  C$$EXIT                         
0000039b  CANFD0_IRQHandler               
0000039b  DAC0_IRQHandler                 
00000661  DL_ADC12_setClockConfig         
00000841  DL_Common_delayCycles           
000001fd  DL_Timer_initFourCCPWMMode      
000007b9  DL_Timer_setCaptCompUpdateMethod
000007f1  DL_Timer_setCaptureCompareOutCtl
00000831  DL_Timer_setCaptureCompareValue 
000007d5  DL_Timer_setClockConfig         
0000071d  DL_Timer_setFaultSourceConfig   
0000039b  DMA_IRQHandler                  
0000039b  Default_Handler                 
0000039b  GROUP0_IRQHandler               
0000039b  GROUP1_IRQHandler               
0000085b  HOSTexit                        
0000039b  HardFault_Handler               
0000039b  I2C0_IRQHandler                 
0000039b  I2C1_IRQHandler                 
0000039b  NMI_Handler                     
0000039b  PendSV_Handler                  
0000039b  RTC_IRQHandler                  
0000085f  Reset_Handler                   
0000039b  SPI0_IRQHandler                 
0000039b  SPI1_IRQHandler                 
0000039b  SVC_Handler                     
000004a1  SYSCFG_DL_ADC12_0_init          
00000579  SYSCFG_DL_ADC12_1_init          
00000511  SYSCFG_DL_GPIO_init             
000000c1  SYSCFG_DL_PWM_0_init            
000006a1  SYSCFG_DL_SYSCTL_init           
00000749  SYSCFG_DL_init                  
000005d5  SYSCFG_DL_initPower             
0000039b  SysTick_Handler                 
00000799  TIMA0_IRQHandler                
0000039b  TIMA1_IRQHandler                
0000039b  TIMG0_IRQHandler                
0000039b  TIMG12_IRQHandler               
0000039b  TIMG6_IRQHandler                
0000039b  TIMG7_IRQHandler                
0000039b  TIMG8_IRQHandler                
0000039b  UART0_IRQHandler                
0000039b  UART1_IRQHandler                
0000039b  UART2_IRQHandler                
0000039b  UART3_IRQHandler                
20208000  __STACK_END                     
00000200  __STACK_SIZE                    
00000000  __TI_ATRegion0_region_sz        
00000000  __TI_ATRegion0_src_addr         
00000000  __TI_ATRegion0_trg_addr         
00000000  __TI_ATRegion1_region_sz        
00000000  __TI_ATRegion1_src_addr         
00000000  __TI_ATRegion1_trg_addr         
00000000  __TI_ATRegion2_region_sz        
00000000  __TI_ATRegion2_src_addr         
00000000  __TI_ATRegion2_trg_addr         
000008a4  __TI_CINIT_Base                 
000008b4  __TI_CINIT_Limit                
000008b4  __TI_CINIT_Warm                 
00000888  __TI_Handler_Table_Base         
00000894  __TI_Handler_Table_Limit        
000006e1  __TI_auto_init_nobinit_nopinit  
00000425  __TI_decompress_lzss            
0000081f  __TI_decompress_none            
ffffffff  __TI_pprof_out_hndl             
ffffffff  __TI_prof_data_size             
ffffffff  __TI_prof_data_start            
00000000  __TI_static_base__              
00000809  __TI_zero_init_nomemset         
0000084d  __aeabi_memcpy                  
0000084d  __aeabi_memcpy4                 
0000084d  __aeabi_memcpy8                 
ffffffff  __binit__                       
UNDEFED   __mpu_init                      
20207e00  __stack                         
20200000  __start___llvm_prf_bits         
20200000  __start___llvm_prf_cnts         
20200000  __stop___llvm_prf_bits          
20200000  __stop___llvm_prf_cnts          
00000771  _c_int00_noargs                 
UNDEFED   _system_post_cinit              
00000863  _system_pre_init                
00000855  abort                           
ffffffff  binit                           
202000bc  current1                        
202000be  current2                        
20200000  gPWM_0Backup                    
00000000  interruptVectors                
0000039d  main                            
00000301  memcpy                          
202000c0  voltage1                        
202000c2  voltage2                        


GLOBAL SYMBOLS: SORTED BY Symbol Address 

address   name                            
-------   ----                            
00000000  __TI_ATRegion0_region_sz        
00000000  __TI_ATRegion0_src_addr         
00000000  __TI_ATRegion0_trg_addr         
00000000  __TI_ATRegion1_region_sz        
00000000  __TI_ATRegion1_src_addr         
00000000  __TI_ATRegion1_trg_addr         
00000000  __TI_ATRegion2_region_sz        
00000000  __TI_ATRegion2_src_addr         
00000000  __TI_ATRegion2_trg_addr         
00000000  __TI_static_base__              
00000000  interruptVectors                
000000c1  SYSCFG_DL_PWM_0_init            
000001fd  DL_Timer_initFourCCPWMMode      
00000200  __STACK_SIZE                    
00000301  memcpy                          
0000039b  ADC0_IRQHandler                 
0000039b  AES_IRQHandler                  
0000039b  CANFD0_IRQHandler               
0000039b  DAC0_IRQHandler                 
0000039b  DMA_IRQHandler                  
0000039b  Default_Handler                 
0000039b  GROUP0_IRQHandler               
0000039b  GROUP1_IRQHandler               
0000039b  HardFault_Handler               
0000039b  I2C0_IRQHandler                 
0000039b  I2C1_IRQHandler                 
0000039b  NMI_Handler                     
0000039b  PendSV_Handler                  
0000039b  RTC_IRQHandler                  
0000039b  SPI0_IRQHandler                 
0000039b  SPI1_IRQHandler                 
0000039b  SVC_Handler                     
0000039b  SysTick_Handler                 
0000039b  TIMA1_IRQHandler                
0000039b  TIMG0_IRQHandler                
0000039b  TIMG12_IRQHandler               
0000039b  TIMG6_IRQHandler                
0000039b  TIMG7_IRQHandler                
0000039b  TIMG8_IRQHandler                
0000039b  UART0_IRQHandler                
0000039b  UART1_IRQHandler                
0000039b  UART2_IRQHandler                
0000039b  UART3_IRQHandler                
0000039d  main                            
00000425  __TI_decompress_lzss            
000004a1  SYSCFG_DL_ADC12_0_init          
00000511  SYSCFG_DL_GPIO_init             
00000579  SYSCFG_DL_ADC12_1_init          
000005d5  SYSCFG_DL_initPower             
0000061d  ADC1_IRQHandler                 
00000661  DL_ADC12_setClockConfig         
000006a1  SYSCFG_DL_SYSCTL_init           
000006e1  __TI_auto_init_nobinit_nopinit  
0000071d  DL_Timer_setFaultSourceConfig   
00000749  SYSCFG_DL_init                  
00000771  _c_int00_noargs                 
00000799  TIMA0_IRQHandler                
000007b9  DL_Timer_setCaptCompUpdateMethod
000007d5  DL_Timer_setClockConfig         
000007f1  DL_Timer_setCaptureCompareOutCtl
00000809  __TI_zero_init_nomemset         
0000081f  __TI_decompress_none            
00000831  DL_Timer_setCaptureCompareValue 
00000841  DL_Common_delayCycles           
0000084d  __aeabi_memcpy                  
0000084d  __aeabi_memcpy4                 
0000084d  __aeabi_memcpy8                 
00000855  abort                           
0000085a  C$$EXIT                         
0000085b  HOSTexit                        
0000085f  Reset_Handler                   
00000863  _system_pre_init                
00000888  __TI_Handler_Table_Base         
00000894  __TI_Handler_Table_Limit        
000008a4  __TI_CINIT_Base                 
000008b4  __TI_CINIT_Limit                
000008b4  __TI_CINIT_Warm                 
20200000  __start___llvm_prf_bits         
20200000  __start___llvm_prf_cnts         
20200000  __stop___llvm_prf_bits          
20200000  __stop___llvm_prf_cnts          
20200000  gPWM_0Backup                    
202000bc  current1                        
202000be  current2                        
202000c0  voltage1                        
202000c2  voltage2                        
20207e00  __stack                         
20208000  __STACK_END                     
ffffffff  __TI_pprof_out_hndl             
ffffffff  __TI_prof_data_size             
ffffffff  __TI_prof_data_start            
ffffffff  __binit__                       
ffffffff  binit                           
UNDEFED   __mpu_init                      
UNDEFED   _system_post_cinit              

[95 symbols]
