******************************************************************************
            TI ARM Clang Linker PC v4.0.4                      
******************************************************************************
>> Linked Sun Mar  8 16:00:41 2026

OUTPUT FILE NAME:   <Robomaster.out>
ENTRY POINT SYMBOL: "_c_int00_noargs"  address: 000006ad


MEMORY CONFIGURATION

         name            origin    length      used     unused   attr    fill
----------------------  --------  ---------  --------  --------  ----  --------
  FLASH                 00000000   00020000  000007d8  0001f828  R  X
  SRAM                  20200000   00008000  000002c6  00007d3a  RW X
  BCR_CONFIG            41c00000   000000ff  00000000  000000ff  R   
  BSL_CONFIG            41c00100   00000080  00000000  00000080  R   


SEGMENT ALLOCATION MAP

run origin  load origin   length   init length attrs members
----------  ----------- ---------- ----------- ----- -------
00000000    00000000    000007d8   000007d8    r-x
  00000000    00000000    000000c0   000000c0    r-- .intvecs
  000000c0    000000c0    000006c8   000006c8    r-x .text
  00000788    00000788    00000020   00000020    r-- .rodata
  000007a8    000007a8    00000030   00000030    r-- .cinit
20200000    20200000    000000c6   00000000    rw-
  20200000    20200000    000000bc   00000000    rw- .bss
  202000bc    202000bc    0000000a   00000000    rw- .data
20207e00    20207e00    00000200   00000000    rw-
  20207e00    20207e00    00000200   00000000    rw- .stack


SECTION ALLOCATION MAP

 output                                  attributes/
section   page    origin      length       input sections
--------  ----  ----------  ----------   ----------------
.intvecs   0    00000000    000000c0     
                  00000000    000000c0     startup_mspm0g350x_ticlang.o (.intvecs)

.text      0    000000c0    000006c8     
                  000000c0    00000104     driverlib.a : dl_timer.o (.text.DL_Timer_initFourCCPWMMode)
                  000001c4    000000e0     ti_msp_dl_config.o (.text.SYSCFG_DL_PWM_0_init)
                  000002a4    0000009a     libc.a : memcpy16.S.obj (.text:memcpy)
                  0000033e    00000002     startup_mspm0g350x_ticlang.o (.text.Default_Handler)
                  00000340    0000007c     libc.a : copy_decompress_lzss.c.obj (.text:decompress:lzss)
                  000003bc    00000070     ti_msp_dl_config.o (.text.SYSCFG_DL_ADC12_0_init)
                  0000042c    00000060     ti_msp_dl_config.o (.text.SYSCFG_DL_ADC12_1_init)
                  0000048c    00000060     empty.o (.text.main)
                  000004ec    00000050     empty.o (.text.ADC1_IRQHandler)
                  0000053c    00000048     ti_msp_dl_config.o (.text.SYSCFG_DL_initPower)
                  00000584    00000044     ti_msp_dl_config.o (.text.SYSCFG_DL_GPIO_init)
                  000005c8    00000040     driverlib.a : dl_adc12.o (.text.DL_ADC12_setClockConfig)
                  00000608    00000040     ti_msp_dl_config.o (.text.SYSCFG_DL_SYSCTL_init)
                  00000648    0000003c     libc.a : autoinit.c.obj (.text:__TI_auto_init_nobinit_nopinit)
                  00000684    00000028     ti_msp_dl_config.o (.text.SYSCFG_DL_init)
                  000006ac    00000028     libc.a : boot_cortex_m.c.obj (.text:_c_int00_noargs)
                  000006d4    0000001c     driverlib.a : dl_timer.o (.text.DL_Timer_setCaptCompUpdateMethod)
                  000006f0    0000001c                 : dl_timer.o (.text.DL_Timer_setClockConfig)
                  0000070c    00000018                 : dl_timer.o (.text.DL_Timer_setCaptureCompareOutCtl)
                  00000724    00000016     libc.a : copy_zero_init.c.obj (.text:decompress:ZI:__TI_zero_init_nomemset)
                  0000073a    00000012            : copy_decompress_none.c.obj (.text:decompress:none)
                  0000074c    00000010     driverlib.a : dl_timer.o (.text.DL_Timer_setCaptureCompareValue)
                  0000075c    0000000a                 : dl_common.o (.text.DL_Common_delayCycles)
                  00000766    00000002     --HOLE-- [fill = 0]
                  00000768    00000008     libclang_rt.builtins.a : aeabi_memcpy.S.obj (.text.__aeabi_memcpy)
                  00000770    00000006     libc.a : exit.c.obj (.text:abort)
                  00000776    00000004     libsysbm.a : hostexit.c.obj (.text.HOSTexit)
                  0000077a    00000004     startup_mspm0g350x_ticlang.o (.text.Reset_Handler)
                  0000077e    00000004     libc.a : pre_init.c.obj (.text._system_pre_init)
                  00000782    00000006     --HOLE-- [fill = 0]

.cinit     0    000007a8    00000030     
                  000007a8    0000000c     (__TI_handler_table)
                  000007b4    00000008     (.cinit..bss.load) [load image, compression = zero_init]
                  000007bc    00000007     (.cinit..data.load) [load image, compression = lzss]
                  000007c3    00000001     --HOLE-- [fill = 0]
                  000007c4    00000010     (__TI_cinit_table)
                  000007d4    00000004     --HOLE-- [fill = 0]

.rodata    0    00000788    00000020     
                  00000788    00000008     ti_msp_dl_config.o (.rodata.gADC12_0ClockConfig)
                  00000790    00000008     ti_msp_dl_config.o (.rodata.gADC12_1ClockConfig)
                  00000798    00000008     ti_msp_dl_config.o (.rodata.gPWM_0Config)
                  000007a0    00000003     ti_msp_dl_config.o (.rodata.gPWM_0ClockConfig)
                  000007a3    00000005     --HOLE-- [fill = 0]

.init_array 
*          0    00000000    00000000     UNINITIALIZED

.binit     0    00000000    00000000     

.bss       0    20200000    000000bc     UNINITIALIZED
                  20200000    000000bc     (.common:gPWM_0Backup)

.data      0    202000bc    0000000a     UNINITIALIZED
                  202000bc    00000002     empty.o (.data.current1)
                  202000be    00000002     empty.o (.data.current2)
                  202000c0    00000002     empty.o (.data.inductorVoltage)
                  202000c2    00000002     empty.o (.data.voltage1)
                  202000c4    00000002     empty.o (.data.voltage2)

.stack     0    20207e00    00000200     UNINITIALIZED
                  20207e00    00000004     libc.a : boot_cortex_m.c.obj (.stack)
                  20207e04    000001fc     --HOLE--

__llvm_prf_cnts 
*          0    20200000    00000000     UNINITIALIZED

__llvm_prf_bits 
*          0    20200000    00000000     UNINITIALIZED

MODULE SUMMARY

       Module                         code   ro data   rw data
       ------                         ----   -------   -------
    .\
       ti_msp_dl_config.o             676    27        188    
       startup_mspm0g350x_ticlang.o   6      192       0      
       empty.o                        176    0         10     
    +--+------------------------------+------+---------+---------+
       Total:                         858    219       198    
                                                              
    C:/TI/mspm0_sdk_2_09_00_01/source/ti/driverlib/lib/ticlang/m0p/mspm0g1x0x_g3x0x/driverlib.a
       dl_timer.o                     356    0         0      
       dl_adc12.o                     64     0         0      
       dl_common.o                    10     0         0      
    +--+------------------------------+------+---------+---------+
       Total:                         430    0         0      
                                                              
    C:\TI\ccs2040\ccs\tools\compiler\ti-cgt-armllvm_4.0.4.LTS\lib\armv6m-ti-none-eabi/c/libc.a
       memcpy16.S.obj                 154    0         0      
       copy_decompress_lzss.c.obj     124    0         0      
       autoinit.c.obj                 60     0         0      
       boot_cortex_m.c.obj            40     0         0      
       copy_zero_init.c.obj           22     0         0      
       copy_decompress_none.c.obj     18     0         0      
       exit.c.obj                     6      0         0      
       pre_init.c.obj                 4      0         0      
    +--+------------------------------+------+---------+---------+
       Total:                         428    0         0      
                                                              
    C:\TI\ccs2040\ccs\tools\compiler\ti-cgt-armllvm_4.0.4.LTS\lib\armv6m-ti-none-eabi/c/libsysbm.a
       hostexit.c.obj                 4      0         0      
    +--+------------------------------+------+---------+---------+
       Total:                         4      0         0      
                                                              
    C:\TI\ccs2040\ccs\tools\compiler\ti-cgt-armllvm_4.0.4.LTS\lib\armv6m-ti-none-eabi/libclang_rt.builtins.a
       aeabi_memcpy.S.obj             8      0         0      
    +--+------------------------------+------+---------+---------+
       Total:                         8      0         0      
                                                              
       Stack:                         0      0         512    
       Linker Generated:              0      43        0      
    +--+------------------------------+------+---------+---------+
       Grand Total:                   1728   262       710    


LINKER GENERATED COPY TABLES

__TI_cinit_table @ 000007c4 records: 2, size/record: 8, table size: 16
	.bss: load addr=000007b4, load size=00000008 bytes, run addr=20200000, run size=000000bc bytes, compression=zero_init
	.data: load addr=000007bc, load size=00000007 bytes, run addr=202000bc, run size=0000000a bytes, compression=lzss


LINKER GENERATED HANDLER TABLE

__TI_handler_table @ 000007a8 records: 3, size/record: 4, table size: 12
	index: 0, handler: __TI_decompress_lzss
	index: 1, handler: __TI_decompress_none
	index: 2, handler: __TI_zero_init


GLOBAL SYMBOLS: SORTED ALPHABETICALLY BY Name 

address   name                            
-------   ----                            
0000033f  ADC0_IRQHandler                 
000004ed  ADC1_IRQHandler                 
0000033f  AES_IRQHandler                  
00000776  C$$EXIT                         
0000033f  CANFD0_IRQHandler               
0000033f  DAC0_IRQHandler                 
000005c9  DL_ADC12_setClockConfig         
0000075d  DL_Common_delayCycles           
000000c1  DL_Timer_initFourCCPWMMode      
000006d5  DL_Timer_setCaptCompUpdateMethod
0000070d  DL_Timer_setCaptureCompareOutCtl
0000074d  DL_Timer_setCaptureCompareValue 
000006f1  DL_Timer_setClockConfig         
0000033f  DMA_IRQHandler                  
0000033f  Default_Handler                 
0000033f  GROUP0_IRQHandler               
0000033f  GROUP1_IRQHandler               
00000777  HOSTexit                        
0000033f  HardFault_Handler               
0000033f  I2C0_IRQHandler                 
0000033f  I2C1_IRQHandler                 
0000033f  NMI_Handler                     
0000033f  PendSV_Handler                  
0000033f  RTC_IRQHandler                  
0000077b  Reset_Handler                   
0000033f  SPI0_IRQHandler                 
0000033f  SPI1_IRQHandler                 
0000033f  SVC_Handler                     
000003bd  SYSCFG_DL_ADC12_0_init          
0000042d  SYSCFG_DL_ADC12_1_init          
00000585  SYSCFG_DL_GPIO_init             
000001c5  SYSCFG_DL_PWM_0_init            
00000609  SYSCFG_DL_SYSCTL_init           
00000685  SYSCFG_DL_init                  
0000053d  SYSCFG_DL_initPower             
0000033f  SysTick_Handler                 
0000033f  TIMA0_IRQHandler                
0000033f  TIMA1_IRQHandler                
0000033f  TIMG0_IRQHandler                
0000033f  TIMG12_IRQHandler               
0000033f  TIMG6_IRQHandler                
0000033f  TIMG7_IRQHandler                
0000033f  TIMG8_IRQHandler                
0000033f  UART0_IRQHandler                
0000033f  UART1_IRQHandler                
0000033f  UART2_IRQHandler                
0000033f  UART3_IRQHandler                
20208000  __STACK_END                     
00000200  __STACK_SIZE                    
00000000  __TI_ATRegion0_region_sz        
00000000  __TI_ATRegion0_src_addr         
00000000  __TI_ATRegion0_trg_addr         
00000000  __TI_ATRegion1_region_sz        
00000000  __TI_ATRegion1_src_addr         
00000000  __TI_ATRegion1_trg_addr         
00000000  __TI_ATRegion2_region_sz        
00000000  __TI_ATRegion2_src_addr         
00000000  __TI_ATRegion2_trg_addr         
000007c4  __TI_CINIT_Base                 
000007d4  __TI_CINIT_Limit                
000007d4  __TI_CINIT_Warm                 
000007a8  __TI_Handler_Table_Base         
000007b4  __TI_Handler_Table_Limit        
00000649  __TI_auto_init_nobinit_nopinit  
00000341  __TI_decompress_lzss            
0000073b  __TI_decompress_none            
ffffffff  __TI_pprof_out_hndl             
ffffffff  __TI_prof_data_size             
ffffffff  __TI_prof_data_start            
00000000  __TI_static_base__              
00000725  __TI_zero_init_nomemset         
00000769  __aeabi_memcpy                  
00000769  __aeabi_memcpy4                 
00000769  __aeabi_memcpy8                 
ffffffff  __binit__                       
UNDEFED   __mpu_init                      
20207e00  __stack                         
20200000  __start___llvm_prf_bits         
20200000  __start___llvm_prf_cnts         
20200000  __stop___llvm_prf_bits          
20200000  __stop___llvm_prf_cnts          
000006ad  _c_int00_noargs                 
UNDEFED   _system_post_cinit              
0000077f  _system_pre_init                
00000771  abort                           
ffffffff  binit                           
202000bc  current1                        
202000be  current2                        
20200000  gPWM_0Backup                    
202000c0  inductorVoltage                 
00000000  interruptVectors                
0000048d  main                            
000002a5  memcpy                          
202000c2  voltage1                        
202000c4  voltage2                        


GLOBAL SYMBOLS: SORTED BY Symbol Address 

address   name                            
-------   ----                            
00000000  __TI_ATRegion0_region_sz        
00000000  __TI_ATRegion0_src_addr         
00000000  __TI_ATRegion0_trg_addr         
00000000  __TI_ATRegion1_region_sz        
00000000  __TI_ATRegion1_src_addr         
00000000  __TI_ATRegion1_trg_addr         
00000000  __TI_ATRegion2_region_sz        
00000000  __TI_ATRegion2_src_addr         
00000000  __TI_ATRegion2_trg_addr         
00000000  __TI_static_base__              
00000000  interruptVectors                
000000c1  DL_Timer_initFourCCPWMMode      
000001c5  SYSCFG_DL_PWM_0_init            
00000200  __STACK_SIZE                    
000002a5  memcpy                          
0000033f  ADC0_IRQHandler                 
0000033f  AES_IRQHandler                  
0000033f  CANFD0_IRQHandler               
0000033f  DAC0_IRQHandler                 
0000033f  DMA_IRQHandler                  
0000033f  Default_Handler                 
0000033f  GROUP0_IRQHandler               
0000033f  GROUP1_IRQHandler               
0000033f  HardFault_Handler               
0000033f  I2C0_IRQHandler                 
0000033f  I2C1_IRQHandler                 
0000033f  NMI_Handler                     
0000033f  PendSV_Handler                  
0000033f  RTC_IRQHandler                  
0000033f  SPI0_IRQHandler                 
0000033f  SPI1_IRQHandler                 
0000033f  SVC_Handler                     
0000033f  SysTick_Handler                 
0000033f  TIMA0_IRQHandler                
0000033f  TIMA1_IRQHandler                
0000033f  TIMG0_IRQHandler                
0000033f  TIMG12_IRQHandler               
0000033f  TIMG6_IRQHandler                
0000033f  TIMG7_IRQHandler                
0000033f  TIMG8_IRQHandler                
0000033f  UART0_IRQHandler                
0000033f  UART1_IRQHandler                
0000033f  UART2_IRQHandler                
0000033f  UART3_IRQHandler                
00000341  __TI_decompress_lzss            
000003bd  SYSCFG_DL_ADC12_0_init          
0000042d  SYSCFG_DL_ADC12_1_init          
0000048d  main                            
000004ed  ADC1_IRQHandler                 
0000053d  SYSCFG_DL_initPower             
00000585  SYSCFG_DL_GPIO_init             
000005c9  DL_ADC12_setClockConfig         
00000609  SYSCFG_DL_SYSCTL_init           
00000649  __TI_auto_init_nobinit_nopinit  
00000685  SYSCFG_DL_init                  
000006ad  _c_int00_noargs                 
000006d5  DL_Timer_setCaptCompUpdateMethod
000006f1  DL_Timer_setClockConfig         
0000070d  DL_Timer_setCaptureCompareOutCtl
00000725  __TI_zero_init_nomemset         
0000073b  __TI_decompress_none            
0000074d  DL_Timer_setCaptureCompareValue 
0000075d  DL_Common_delayCycles           
00000769  __aeabi_memcpy                  
00000769  __aeabi_memcpy4                 
00000769  __aeabi_memcpy8                 
00000771  abort                           
00000776  C$$EXIT                         
00000777  HOSTexit                        
0000077b  Reset_Handler                   
0000077f  _system_pre_init                
000007a8  __TI_Handler_Table_Base         
000007b4  __TI_Handler_Table_Limit        
000007c4  __TI_CINIT_Base                 
000007d4  __TI_CINIT_Limit                
000007d4  __TI_CINIT_Warm                 
20200000  __start___llvm_prf_bits         
20200000  __start___llvm_prf_cnts         
20200000  __stop___llvm_prf_bits          
20200000  __stop___llvm_prf_cnts          
20200000  gPWM_0Backup                    
202000bc  current1                        
202000be  current2                        
202000c0  inductorVoltage                 
202000c2  voltage1                        
202000c4  voltage2                        
20207e00  __stack                         
20208000  __STACK_END                     
ffffffff  __TI_pprof_out_hndl             
ffffffff  __TI_prof_data_size             
ffffffff  __TI_prof_data_start            
ffffffff  __binit__                       
ffffffff  binit                           
UNDEFED   __mpu_init                      
UNDEFED   _system_post_cinit              

[95 symbols]
